---
source: tui/src/history_cell.rs
expression: rendered
---
• 已探索
  └ 读取 auth.rs, shimmer.rs
