---
source: tui/src/history_cell.rs
expression: rendered
---
• 计划已更新
  └ □ Define error taxonomy
    □ Implement mapping to user messages
