---
source: tui/src/pager_overlay.rs
expression: term.backend()
---
"/ T R A N S C R I P T / / / / / / / / / "
"alpha                                   "
"beta                                    "
"gamma                                   "
"~                                       "
"~                                       "
"───────────────────────────────── 100% ─"
" ↑/↓ 滚动   PgUp/PgDn 翻页   Home/End 到" Hidden by multi-width symbols: [(6, " "), (8, " "), (23, " "), (25, " "), (39, " ")]
" q 退出   Esc 编辑上一个                " Hidden by multi-width symbols: [(4, " "), (6, " "), (15, " "), (17, " "), (19, " "), (21, " "), (23, " ")]
"                                        "
