---
source: tui/src/pager_overlay.rs
expression: term.backend()
---
"/ S T A T I C / / / / / / / / / / / / / "
"one                                     "
"two                                     "
"three                                   "
"~                                       "
"~                                       "
"───────────────────────────────── 100% ─"
" ↑/↓ 滚动   PgUp/PgDn 翻页   Home/End 到" Hidden by multi-width symbols: [(6, " "), (8, " "), (23, " "), (25, " "), (39, " ")]
" q 退出                                 " Hidden by multi-width symbols: [(4, " "), (6, " ")]
"                                        "
