---
source: tui/src/chatwidget/tests.rs
expression: lines_to_single_string(&proposed_multi)
---
• 建议的命令
  └ echo line1
    echo line2
