---
source: tui/src/chatwidget/tests.rs
expression: lines_to_single_string(&proposed)
---
• 建议的命令
  └ echo hello world
