---
source: tui/src/chatwidget/tests.rs
expression: lines_to_single_string(&proposed_lines)
---
• 拟议更改 foo.txt (+1 -0)
    1     +hello
