---
source: tui/src/chatwidget/tests.rs
expression: active_blob(&chat)
---
• 已探索
  └ 列出 ls -la
    读取 foo.txt, bar.txt
