---
source: tui/src/chatwidget/tests.rs
expression: lines_to_single_string(&approved_lines)
---
• 更改已批准 foo.txt (+1 -0)
